["foo", -1, 0] -> foo, -2, 0
["foo", -1, 10] -> foo, -2, 8
["foo", -1, 49] -> foo, -2, 47
["foo", -1, 50] -> foo, -2, 48
["foo", 0, 0] -> foo, -1, 0
["foo", 0, 10] -> foo, -1, 8
["foo", 0, 49] -> foo, -1, 47
["foo", 0, 50] -> foo, -1, 48
["foo", 2, 0] -> foo, 1, 0
["foo", 2, 10] -> foo, 1, 9
["foo", 2, 49] -> foo, 1, 48
["foo", 2, 50] -> foo, 1, 49
["foo", 6, 0] -> foo, 5, 0
["foo", 6, 10] -> foo, 5, 9
["foo", 6, 49] -> foo, 5, 48
["foo", 6, 50] -> foo, 5, 49
["foo", 11, 0] -> foo, 10, 0
["foo", 11, 10] -> foo, 10, 9
["foo", 11, 49] -> foo, 10, 48
["foo", 11, 50] -> foo, 10, 49
["Aged Brie", -1, 0] -> Aged Brie, -2, 2
["Aged Brie", -1, 10] -> Aged Brie, -2, 12
["Aged Brie", -1, 49] -> Aged Brie, -2, 50
["Aged Brie", -1, 50] -> Aged Brie, -2, 50
["Aged Brie", 0, 0] -> Aged Brie, -1, 2
["Aged Brie", 0, 10] -> Aged Brie, -1, 12
["Aged Brie", 0, 49] -> Aged Brie, -1, 50
["Aged Brie", 0, 50] -> Aged Brie, -1, 50
["Aged Brie", 2, 0] -> Aged Brie, 1, 1
["Aged Brie", 2, 10] -> Aged Brie, 1, 11
["Aged Brie", 2, 49] -> Aged Brie, 1, 50
["Aged Brie", 2, 50] -> Aged Brie, 1, 50
["Aged Brie", 6, 0] -> Aged Brie, 5, 1
["Aged Brie", 6, 10] -> Aged Brie, 5, 11
["Aged Brie", 6, 49] -> Aged Brie, 5, 50
["Aged Brie", 6, 50] -> Aged Brie, 5, 50
["Aged Brie", 11, 0] -> Aged Brie, 10, 1
["Aged Brie", 11, 10] -> Aged Brie, 10, 11
["Aged Brie", 11, 49] -> Aged Brie, 10, 50
["Aged Brie", 11, 50] -> Aged Brie, 10, 50
["Backstage passes to a TAFKAL80ETC concert", -1, 0] -> Backstage passes to a TAFKAL80ETC concert, -2, 0
["Backstage passes to a TAFKAL80ETC concert", -1, 10] -> Backstage passes to a TAFKAL80ETC concert, -2, 0
["Backstage passes to a TAFKAL80ETC concert", -1, 49] -> Backstage passes to a TAFKAL80ETC concert, -2, 0
["Backstage passes to a TAFKAL80ETC concert", -1, 50] -> Backstage passes to a TAFKAL80ETC concert, -2, 0
["Backstage passes to a TAFKAL80ETC concert", 0, 0] -> Backstage passes to a TAFKAL80ETC concert, -1, 0
["Backstage passes to a TAFKAL80ETC concert", 0, 10] -> Backstage passes to a TAFKAL80ETC concert, -1, 0
["Backstage passes to a TAFKAL80ETC concert", 0, 49] -> Backstage passes to a TAFKAL80ETC concert, -1, 0
["Backstage passes to a TAFKAL80ETC concert", 0, 50] -> Backstage passes to a TAFKAL80ETC concert, -1, 0
["Backstage passes to a TAFKAL80ETC concert", 2, 0] -> Backstage passes to a TAFKAL80ETC concert, 1, 3
["Backstage passes to a TAFKAL80ETC concert", 2, 10] -> Backstage passes to a TAFKAL80ETC concert, 1, 13
["Backstage passes to a TAFKAL80ETC concert", 2, 49] -> Backstage passes to a TAFKAL80ETC concert, 1, 50
["Backstage passes to a TAFKAL80ETC concert", 2, 50] -> Backstage passes to a TAFKAL80ETC concert, 1, 50
["Backstage passes to a TAFKAL80ETC concert", 6, 0] -> Backstage passes to a TAFKAL80ETC concert, 5, 2
["Backstage passes to a TAFKAL80ETC concert", 6, 10] -> Backstage passes to a TAFKAL80ETC concert, 5, 12
["Backstage passes to a TAFKAL80ETC concert", 6, 49] -> Backstage passes to a TAFKAL80ETC concert, 5, 50
["Backstage passes to a TAFKAL80ETC concert", 6, 50] -> Backstage passes to a TAFKAL80ETC concert, 5, 50
["Backstage passes to a TAFKAL80ETC concert", 11, 0] -> Backstage passes to a TAFKAL80ETC concert, 10, 1
["Backstage passes to a TAFKAL80ETC concert", 11, 10] -> Backstage passes to a TAFKAL80ETC concert, 10, 11
["Backstage passes to a TAFKAL80ETC concert", 11, 49] -> Backstage passes to a TAFKAL80ETC concert, 10, 50
["Backstage passes to a TAFKAL80ETC concert", 11, 50] -> Backstage passes to a TAFKAL80ETC concert, 10, 50
["Sulfuras, Hand of Ragnaros", -1, 0] -> Sulfuras, Hand of Ragnaros, -1, 0
["Sulfuras, Hand of Ragnaros", -1, 10] -> Sulfuras, Hand of Ragnaros, -1, 10
["Sulfuras, Hand of Ragnaros", -1, 49] -> Sulfuras, Hand of Ragnaros, -1, 49
["Sulfuras, Hand of Ragnaros", -1, 50] -> Sulfuras, Hand of Ragnaros, -1, 50
["Sulfuras, Hand of Ragnaros", 0, 0] -> Sulfuras, Hand of Ragnaros, 0, 0
["Sulfuras, Hand of Ragnaros", 0, 10] -> Sulfuras, Hand of Ragnaros, 0, 10
["Sulfuras, Hand of Ragnaros", 0, 49] -> Sulfuras, Hand of Ragnaros, 0, 49
["Sulfuras, Hand of Ragnaros", 0, 50] -> Sulfuras, Hand of Ragnaros, 0, 50
["Sulfuras, Hand of Ragnaros", 2, 0] -> Sulfuras, Hand of Ragnaros, 2, 0
["Sulfuras, Hand of Ragnaros", 2, 10] -> Sulfuras, Hand of Ragnaros, 2, 10
["Sulfuras, Hand of Ragnaros", 2, 49] -> Sulfuras, Hand of Ragnaros, 2, 49
["Sulfuras, Hand of Ragnaros", 2, 50] -> Sulfuras, Hand of Ragnaros, 2, 50
["Sulfuras, Hand of Ragnaros", 6, 0] -> Sulfuras, Hand of Ragnaros, 6, 0
["Sulfuras, Hand of Ragnaros", 6, 10] -> Sulfuras, Hand of Ragnaros, 6, 10
["Sulfuras, Hand of Ragnaros", 6, 49] -> Sulfuras, Hand of Ragnaros, 6, 49
["Sulfuras, Hand of Ragnaros", 6, 50] -> Sulfuras, Hand of Ragnaros, 6, 50
["Sulfuras, Hand of Ragnaros", 11, 0] -> Sulfuras, Hand of Ragnaros, 11, 0
["Sulfuras, Hand of Ragnaros", 11, 10] -> Sulfuras, Hand of Ragnaros, 11, 10
["Sulfuras, Hand of Ragnaros", 11, 49] -> Sulfuras, Hand of Ragnaros, 11, 49
["Sulfuras, Hand of Ragnaros", 11, 50] -> Sulfuras, Hand of Ragnaros, 11, 50
