["Conjured Mana Cake", -1, 0] -> Conjured Mana Cake, -2, 0
["Conjured Mana Cake", -1, 1] -> Conjured Mana Cake, -2, 0
["Conjured Mana Cake", -1, 2] -> Conjured Mana Cake, -2, 0
["Conjured Mana Cake", -1, 3] -> Conjured Mana Cake, -2, 0
["Conjured Mana Cake", -1, 4] -> Conjured Mana Cake, -2, 0
["Conjured Mana Cake", -1, 50] -> Conjured Mana Cake, -2, 46
["Conjured Mana Cake", 0, 0] -> Conjured Mana Cake, -1, 0
["Conjured Mana Cake", 0, 1] -> Conjured Mana Cake, -1, 0
["Conjured Mana Cake", 0, 2] -> Conjured Mana Cake, -1, 0
["Conjured Mana Cake", 0, 3] -> Conjured Mana Cake, -1, 0
["Conjured Mana Cake", 0, 4] -> Conjured Mana Cake, -1, 0
["Conjured Mana Cake", 0, 50] -> Conjured Mana Cake, -1, 46
["Conjured Mana Cake", 2, 0] -> Conjured Mana Cake, 1, 0
["Conjured Mana Cake", 2, 1] -> Conjured Mana Cake, 1, 0
["Conjured Mana Cake", 2, 2] -> Conjured Mana Cake, 1, 0
["Conjured Mana Cake", 2, 3] -> Conjured Mana Cake, 1, 1
["Conjured Mana Cake", 2, 4] -> Conjured Mana Cake, 1, 2
["Conjured Mana Cake", 2, 50] -> Conjured Mana Cake, 1, 48
